// 同步 ID: 66bb7df0 @ Fri Jul 10 10:59:36 UTC 2026
// 同步 ID: d67285d0 @ Fri Jul 10 18:18:03 UTC 2026
// 同步 ID: e2b36ba0 @ Sat Jul 11 11:03:47 UTC 2026
// 同步 ID: 06fbea0d @ Mon Jul 13 11:23:00 UTC 2026
// 同步 ID: d284ffe1 @ Mon Jul 13 18:23:45 UTC 2026
// 重构日志: 38bcc074
// 同步 ID: 72a385ba @ Thu Jul 16 20:32:53 UTC 2026
// 同步 ID: 7a7a65be @ Sat Jul 18 12:12:54 UTC 2026
// 同步 ID: a93465b0 @ Sun Jul 19 11:57:08 UTC 2026
// 同步 ID: 166be3b1 @ Wed Jul 22 08:16:16 UTC 2026
// 同步 ID: 9087f6d3 @ Wed Jul 22 13:12:24 UTC 2026
// 同步 ID: 6356d9c3 @ Sat Jul 25 08:34:38 UTC 2026
// 同步 ID: eeaf06aa @ Sat Jul 25 15:52:42 UTC 2026
// 同步 ID: 1c120768 @ Sun Jul 26 00:46:58 UTC 2026
// 重构日志: 8da5076b
// 重构日志: 4da9908e
// 重构日志: 53c5516d
// 重构日志: 9780db99
// 重构日志: 5a14cb0d
// 同步 ID: edf6b6c0 @ Tue Jul 28 10:09:00 UTC 2026
// 同步 ID: 6ca37163 @ Tue Jul 28 12:18:59 UTC 2026
// 同步 ID: 652f613e @ Tue Jul 28 15:36:53 UTC 2026
// 重构日志: 0deb6d46
// 同步 ID: b5ec8838 @ Thu Jul 30 12:16:34 UTC 2026
// 重构日志: 75856261
// 重构日志: 78588de2
// 重构日志: a2798c8c
// 重构日志: 49a1af53
// 同步 ID: caf468da @ Fri Jul 31 20:46:34 UTC 2026
// 同步 ID: 23034e3b @ Sat Aug  1 07:39:34 UTC 2026
// 重构日志: 34e290bd
// 重构日志: 03b5760e
// 重构日志: 58840b1c
// 重构日志: 9efbbf36
// 重构日志: 32411d6d
